Flow report for processador-de-batata
Mon Jun 19 18:31:58 2017
Quartus II 64-Bit Version 13.1.0 Build 162 10/23/2013 SJ Web Edition


---------------------
; Table of Contents ;
---------------------
  1. Legal Notice
  2. Flow Summary
  3. Flow Settings
  4. Flow Non-Default Global Settings
  5. Flow Elapsed Time
  6. Flow OS Summary
  7. Flow Log
  8. Flow Messages
  9. Flow Suppressed Messages



----------------
; Legal Notice ;
----------------
Copyright (C) 1991-2013 Altera Corporation
Your use of Altera Corporation's design tools, logic functions 
and other software and tools, and its AMPP partner logic 
functions, and any output files from any of the foregoing 
(including device programming or simulation files), and any 
associated documentation or information are expressly subject 
to the terms and conditions of the Altera Program License 
Subscription Agreement, Altera MegaCore Function License 
Agreement, or other applicable license agreement, including, 
without limitation, that your use is for the sole purpose of 
programming logic devices manufactured by Altera and sold by 
Altera or its authorized distributors.  Please refer to the 
applicable agreement for further details.



+---------------------------------------------------------------------------------+
; Flow Summary                                                                    ;
+------------------------------------+--------------------------------------------+
; Flow Status                        ; Successful - Mon Jun 19 18:31:58 2017      ;
; Quartus II 64-Bit Version          ; 13.1.0 Build 162 10/23/2013 SJ Web Edition ;
; Revision Name                      ; processador-de-batata                      ;
; Top-level Entity Name              ; processing_unit                            ;
; Family                             ; Cyclone IV E                               ;
; Device                             ; EP4CE115F29C7                              ;
; Timing Models                      ; Final                                      ;
; Total logic elements               ; 1,872 / 114,480 ( 2 % )                    ;
;     Total combinational functions  ; 1,848 / 114,480 ( 2 % )                    ;
;     Dedicated logic registers      ; 378 / 114,480 ( < 1 % )                    ;
; Total registers                    ; 378                                        ;
; Total pins                         ; 78 / 529 ( 15 % )                          ;
; Total virtual pins                 ; 0                                          ;
; Total memory bits                  ; 0 / 3,981,312 ( 0 % )                      ;
; Embedded Multiplier 9-bit elements ; 0 / 532 ( 0 % )                            ;
; Total PLLs                         ; 0 / 4 ( 0 % )                              ;
+------------------------------------+--------------------------------------------+


+-------------------------------------------+
; Flow Settings                             ;
+-------------------+-----------------------+
; Option            ; Setting               ;
+-------------------+-----------------------+
; Start date & time ; 06/19/2017 18:30:18   ;
; Main task         ; Compilation           ;
; Revision Name     ; processador-de-batata ;
+-------------------+-----------------------+


+-------------------------------------------------------------------------------------------------------------------------------------------------------------+
; Flow Non-Default Global Settings                                                                                                                            ;
+-------------------------------------+------------------------------------------------------------+-----------------------+-----------------+----------------+
; Assignment Name                     ; Value                                                      ; Default Value         ; Entity Name     ; Section Id     ;
+-------------------------------------+------------------------------------------------------------+-----------------------+-----------------+----------------+
; COMPILER_SIGNATURE_ID               ; 268891677105016.149790781807110                            ; --                    ; --              ; --             ;
; EDA_GENERATE_FUNCTIONAL_NETLIST     ; On                                                         ; --                    ; --              ; eda_simulation ;
; EDA_NETLIST_WRITER_OUTPUT_DIR       ; /home/max/faculdade/processador-de-batata/simulation/qsim/ ; --                    ; --              ; eda_simulation ;
; EDA_OUTPUT_DATA_FORMAT              ; Verilog Hdl                                                ; --                    ; --              ; eda_simulation ;
; EDA_SIMULATION_TOOL                 ; ModelSim-Altera (Verilog)                                  ; <None>                ; --              ; --             ;
; EDA_TIME_SCALE                      ; 1 ps                                                       ; --                    ; --              ; eda_simulation ;
; MAX_CORE_JUNCTION_TEMP              ; 85                                                         ; --                    ; --              ; --             ;
; MIN_CORE_JUNCTION_TEMP              ; 0                                                          ; --                    ; --              ; --             ;
; NOMINAL_CORE_SUPPLY_VOLTAGE         ; 1.2V                                                       ; --                    ; --              ; --             ;
; PARTITION_COLOR                     ; 16764057                                                   ; --                    ; processing_unit ; Top            ;
; PARTITION_FITTER_PRESERVATION_LEVEL ; PLACEMENT_AND_ROUTING                                      ; --                    ; processing_unit ; Top            ;
; PARTITION_NETLIST_TYPE              ; SOURCE                                                     ; --                    ; processing_unit ; Top            ;
; PROJECT_OUTPUT_DIRECTORY            ; output_files                                               ; --                    ; --              ; --             ;
; TOP_LEVEL_ENTITY                    ; processing_unit                                            ; processador-de-batata ; --              ; --             ;
+-------------------------------------+------------------------------------------------------------+-----------------------+-----------------+----------------+


+-------------------------------------------------------------------------------------------------------------------------------+
; Flow Elapsed Time                                                                                                             ;
+---------------------------+--------------+-------------------------+---------------------+------------------------------------+
; Module Name               ; Elapsed Time ; Average Processors Used ; Peak Virtual Memory ; Total CPU Time (on all processors) ;
+---------------------------+--------------+-------------------------+---------------------+------------------------------------+
; Analysis & Synthesis      ; 00:00:23     ; 1.0                     ; 622 MB              ; 00:00:22                           ;
; Fitter                    ; 00:00:46     ; 1.0                     ; 1043 MB             ; 00:00:46                           ;
; Assembler                 ; 00:00:08     ; 1.0                     ; 627 MB              ; 00:00:08                           ;
; TimeQuest Timing Analyzer ; 00:00:07     ; 1.0                     ; 710 MB              ; 00:00:06                           ;
; EDA Netlist Writer        ; 00:00:02     ; 1.0                     ; 861 MB              ; 00:00:01                           ;
; Total                     ; 00:01:26     ; --                      ; --                  ; 00:01:23                           ;
+---------------------------+--------------+-------------------------+---------------------+------------------------------------+


+----------------------------------------------------------------------------------------------+
; Flow OS Summary                                                                              ;
+---------------------------+-------------------+----------------+------------+----------------+
; Module Name               ; Machine Hostname  ; OS Name        ; OS Version ; Processor type ;
+---------------------------+-------------------+----------------+------------+----------------+
; Analysis & Synthesis      ; max-Inspiron-5458 ; Ubuntu 16.04.2 ; 16         ; x86_64         ;
; Fitter                    ; max-Inspiron-5458 ; Ubuntu 16.04.2 ; 16         ; x86_64         ;
; Assembler                 ; max-Inspiron-5458 ; Ubuntu 16.04.2 ; 16         ; x86_64         ;
; TimeQuest Timing Analyzer ; max-Inspiron-5458 ; Ubuntu 16.04.2 ; 16         ; x86_64         ;
; EDA Netlist Writer        ; max-Inspiron-5458 ; Ubuntu 16.04.2 ; 16         ; x86_64         ;
+---------------------------+-------------------+----------------+------------+----------------+


------------
; Flow Log ;
------------
quartus_map --lower_priority --read_settings_files=on --write_settings_files=off processador-de-batata -c processador-de-batata
quartus_fit --lower_priority --read_settings_files=off --write_settings_files=off processador-de-batata -c processador-de-batata
quartus_asm --lower_priority --read_settings_files=off --write_settings_files=off processador-de-batata -c processador-de-batata
quartus_sta --lower_priority processador-de-batata -c processador-de-batata
quartus_eda --lower_priority --read_settings_files=off --write_settings_files=off processador-de-batata -c processador-de-batata



